
[1m[46m RUN [49m[22m [36mv4.0.16 [39m[90mD:/mysim/AI/Workflow test/vibe-coding-testing-practice[39m

 [31m鉂?[39m src/pages/__tests__/LoginPage.test.tsx [2m([22m[2m8 tests[22m[2m | [22m[31m6 failed[39m[2m)[22m[33m 403[2mms[22m[39m
[31m     [31m脳[31m __鍓嶇鍏冪礌__娓叉煋鐧诲叆琛ㄥ柈鍩烘湰鍏冪礌[39m[32m 69[2mms[22m[39m
[31m     [31m脳[31m __鍓嶇浜掑嫊__鍒囨彌瀵嗙⒓椤ず鐙€鎱?[39m[32m 11[2mms[22m[39m
     [32m鉁?[39m __function 閭忚集__椹楄瓑鐒℃晥 Email 鏍煎紡[32m 275[2mms[22m[39m
[31m     [31m脳[31m __function 閭忚集__椹楄瓑瀵嗙⒓寮峰害涓嶈冻[39m[32m 14[2mms[22m[39m
[31m     [31m脳[31m __Mock API__鐧诲叆鎴愬姛灏庤綁[39m[32m 8[2mms[22m[39m
[31m     [31m脳[31m __Mock API__鐧诲叆澶辨晽椤ず閷[39m[32m 8[2mms[22m[39m
[31m     [31m脳[31m __鍓嶇浜掑嫊__鐧诲叆涓媭鎱嬮帠瀹?[39m[32m 8[2mms[22m[39m
     [32m鉁?[39m __function 閭忚集__宸茬櫥鍏ョ媭鎱嬭嚜鍕曞皫杞?[32m 6[2mms[22m[39m
node.exe : 
所在位置 行:1 字符: 1
+ & "C:\Program Files
\nodejs/node.exe" "C:
\Program Files\nodejs
/node_mo ...
+ ~~~~~~~~~~~~~~~~~~~
~~~~~~~~~~~~~~~~~~~~~
~~~~~~~~~~~~~~~~~~~~~
~~~~~~~~
    + CategoryInfo   
           : NotSpe  
  cified: (:String   
 ) [], RemoteExce    
ption
    + FullyQualified 
   ErrorId : Native  
  CommandError
 
[31m鈳幆鈳幆鈳幆鈳?[39m
[1m[41m Failed Tests
 6 [49m[22m[31m鈳幆
鈳幆鈳幆鈳?[39m

[41m[1m FAIL [22m
[49m src/pages/__test
s__/LoginPage.test.ts
x[2m:55:5[22m[2m >
 [22mLoginPage[2m >
 [22m__鍓嶇鍏冪礌__娓叉煋鐧诲
叆琛ㄥ柈鍩烘湰鍏冪礌
[31m[1mTestingLibra
ryElementError[22m: 
Found multiple elemen
ts with the text of: 
/瀵嗙⒓/i

Here are the matching
 elements:

Ignored nodes: commen
ts, script, style
[36m<input[31m
  [33mautocomplete[
31m=[32m"current-pas
sword"[31m
  [33mclass[31m=[3
2m""[31m
  [33mid[31m=[32m"
password"[31m
  [33mplaceholder[3
1m=[32m"鑷冲皯 8 鍊嬪瓧鍏冿紝
闇€鍖呭惈鑻辨暩"[31m
  [33mstyle[31m=[3
2m"padding-right: 40p
x;"[31m
  [33mtype[31m=[32
m"password"[31m
  [33mvalue[31m=[3
2m""[31m
[36m/>[31m

Ignored nodes: commen
ts, script, style
[36m<button[31m
  [33maria-label[31
m=[32m"椤ず瀵嗙⒓"[31m
  [33mstyle[31m=[3
2m"position: absolute
; right: 10px; top: 5
0%; transform: transl
ateY(-50%); backgroun
d: none; border: medi
um; cursor: pointer; 
font-size: 1.2em;"[3
1m
  [33mtype[31m=[32
m"button"[31m
[36m>[31m
  [0m馃檲[0m
[36m</button>[31m

(If this is intention
al, then use the `*Al
lBy*` variant of the 
query (like `queryAll
ByText`, `getAllByTex
t`, or `findAllByText
`)).

Ignored nodes: commen
ts, script, style
[36m<body>[31m
  [36m<div>[31m
    [36m<div[31m
      [33mclass[31m
=[32m"login-page"[3
1m
    [36m>[31m
      [36m<div[31m
        [33mclass[3
1m=[32m"login-contai
ner"[31m
      [36m>[31m
        [36m<div[31
m
          [33mclass
[31m=[32m"login-head
er"[31m
        [36m>[31m
          [36m<div[
31m
            [33mclas
s[31m=[32m"login-ic
on"[31m
          [36m>[31m
            [0m馃攼[0
m
          [36m</div>
[31m
          [36m<h1>[
31m
            [0m姝¤繋鍥炰
締[0m
          [36m</h1>
[31m
          [36m<p>[3
1m
            [0m璜嬬櫥鍏ヤ
互绻肩簩[0m
          [36m</p>[
31m
        [36m</div>[
31m
        [36m<form[3
1m
          [33mclass
[31m=[32m"login-form
"[31m
        [36m>[31m
          [36m<div[
31m
            [33mclas
s[31m=[32m"form-gro
up"[31m
          [36m>[31m
            [36m<lab
el[31m
              [33mfo
r[31m=[32m"email"[
31m
            [36m>[3
1m
              [0m闆诲瓙
閮典欢[0m
            [36m</la
bel>[31m
            [36m<inp
ut[31m
              [33mau
tocomplete[31m=[32m
"email"[31m
              [33mcl
ass[31m=[32m""[31m
              [33mid
[31m=[32m"email"[3
1m
              [33mpl
aceholder[31m=[32m"
you@example.com"[31m
              [33mty
pe[31m=[32m"text"[
31m
              [33mva
lue[31m=[32m""[31m
            [36m/>[
31m
          [36m</div>
[31m
          [36m<div[
31m
            [33mclas
s[31m=[32m"form-gro
up"[31m
          [36m>[31m
            [36m<lab
el[31m
              [33mfo
r[31m=[32m"password
"[31m
            [36m>[3
1m
              [0m瀵嗙⒓
[0m
            [36m</la
bel>[31m
            [36m<div
[31m
              [33mcl
ass[31m=[32m"passwo
rd-input-wrapper"[31
m
              [33mst
yle[31m=[32m"positi
on: relative;"[31m
            [36m>[3
1m
              [36m<i
nput[31m
                [33m
autocomplete[31m=[3
2m"current-password"
[31m
                [33m
class[31m=[32m""[3
1m
                [33m
id[31m=[32m"passwor
d"[31m
                [33m
placeholder[31m=[32
m"鑷冲皯 8 鍊嬪瓧鍏冿紝闇€鍖呭惈鑻辨
暩"[31m
                [33m
style[31m=[32m"padd
ing-right: 40px;"[31
m
                [33m
type[31m=[32m"passw
ord"[31m
                [33m
value[31m=[32m""[3
1m
              [36m/>
[31m
              [36m<b
utton[31m
                [33m
aria-label[31m=[32m
"椤ず瀵嗙⒓"[31m
                [33m
style[31m=[32m"posi
tion: absolute; right
: 10px; top: 50%; tra
nsform: translateY(-5
0%); background: none
; border: medium; cur
sor: pointer; font-si
ze: 1.2em;"[31m
                [33m
type[31m=[32m"butto
n"[31m
              [36m>
[31m
                [0m馃
檲[0m
              [36m</
button>[31m
            [36m</di
v>[31m
          [36m</div>
[31m
          [36m<butto
n[31m
            [33mclas
s[31m=[32m"login-bu
tton"[31m
            [33mtype
[31m=[32m"submit"[
31m
          [36m>[31m
            [0m鐧诲叆[
0m
          [36m</butt
on>[31m
        [36m</form>
[31m
        [36m<div[31
m
          [33mclass
[31m=[32m"login-foot
er"[31m
        [36m>[31m
          [36m<p>[3
1m
            [0m娓│甯宠
櫉锛氫换鎰?email 鏍煎紡 / 瀵嗙⒓
闇€鍖呭惈鑻辨暩涓?浣嶄互涓?[0m
          [36m</p>[
31m
        [36m</div>[
31m
      [36m</div>[31
m
    [36m</div>[31m
  [36m</div>[31m
[36m</body>[31m[39
m
[90m [2m鉂?[22m Obje
ct.getElementError no
de_modules/@testing-l
ibrary/dom/dist/confi
g.js:[2m37:19[22m[
39m
[90m [2m鉂?[22m getE
lementError node_modu
les/@testing-library/
dom/dist/query-helper
s.js:[2m20:35[22m[
39m
[90m [2m鉂?[22m getM
ultipleElementsFoundE
rror node_modules/@te
sting-library/dom/dis
t/query-helpers.js:[
2m23:10[22m[39m
[90m [2m鉂?[22m node
_modules/@testing-lib
rary/dom/dist/query-h
elpers.js:[2m55:13[
22m[39m
[90m [2m鉂?[22m node
_modules/@testing-lib
rary/dom/dist/query-h
elpers.js:[2m95:19[
22m[39m
[36m [2m鉂?[22m src/
pages/__tests__/Login
Page.test.tsx:[2m58:
23[22m[39m
    [90m 56| [39m  
      [34mrenderComp
onent[39m()[33m;[3
9m
    [90m 57| [39m  
      [34mexpect[39
m(screen[33m.[39m[
34mgetByLabelText[39
m([36m/闆诲瓙閮典欢/i[39m
))[33m.[39m[34mtoB
eInTheDocument[39m()
[33m;[39m
    [90m 58| [39m  
      [34mexpect[39
m(screen[33m.[39m[
34mgetByLabelText[39
m([36m/瀵嗙⒓/i[39m))
[33m.[39m[34mtoBeIn
TheDocument[39m()[3
3m;[39m
    [90m   | [39m  
                    
[31m^[39m
    [90m 59| [39m  
      expect(screen.g
etByRole('button', { 
name: /鐧诲叆/i })).toBe
InTheD鈥?    [90m 60|
 [39m        const t
oggleBtn = screen.get
ByRole('button', { na
me: /闅辫棌瀵嗙⒓|椤ず瀵嗏€?
[31m[2m鈳幆鈳幆鈳幆鈳幆
鈳幆鈳幆鈳幆鈳幆鈳幆鈳幆鈳幆
鈳幆[1/6]鈳?[22m[39m

[41m[1m FAIL [22m
[49m src/pages/__test
s__/LoginPage.test.ts
x[2m:64:5[22m[2m >
 [22mLoginPage[2m >
 [22m__鍓嶇浜掑嫊__鍒囨彌瀵嗙
⒓椤ず鐙€鎱?[31m[1mTest
ingLibraryElementErro
r[22m: Found multipl
e elements with the t
ext of: /瀵嗙⒓/i

Here are the matching
 elements:

Ignored nodes: commen
ts, script, style
[36m<input[31m
  [33mautocomplete[
31m=[32m"current-pas
sword"[31m
  [33mclass[31m=[3
2m""[31m
  [33mid[31m=[32m"
password"[31m
  [33mplaceholder[3
1m=[32m"鑷冲皯 8 鍊嬪瓧鍏冿紝
闇€鍖呭惈鑻辨暩"[31m
  [33mstyle[31m=[3
2m"padding-right: 40p
x;"[31m
  [33mtype[31m=[32
m"password"[31m
  [33mvalue[31m=[3
2m""[31m
[36m/>[31m

Ignored nodes: commen
ts, script, style
[36m<button[31m
  [33maria-label[31
m=[32m"椤ず瀵嗙⒓"[31m
  [33mstyle[31m=[3
2m"position: absolute
; right: 10px; top: 5
0%; transform: transl
ateY(-50%); backgroun
d: none; border: medi
um; cursor: pointer; 
font-size: 1.2em;"[3
1m
  [33mtype[31m=[32
m"button"[31m
[36m>[31m
  [0m馃檲[0m
[36m</button>[31m

(If this is intention
al, then use the `*Al
lBy*` variant of the 
query (like `queryAll
ByText`, `getAllByTex
t`, or `findAllByText
`)).

Ignored nodes: commen
ts, script, style
[36m<body>[31m
  [36m<div>[31m
    [36m<div[31m
      [33mclass[31m
=[32m"login-page"[3
1m
    [36m>[31m
      [36m<div[31m
        [33mclass[3
1m=[32m"login-contai
ner"[31m
      [36m>[31m
        [36m<div[31
m
          [33mclass
[31m=[32m"login-head
er"[31m
        [36m>[31m
          [36m<div[
31m
            [33mclas
s[31m=[32m"login-ic
on"[31m
          [36m>[31m
            [0m馃攼[0
m
          [36m</div>
[31m
          [36m<h1>[
31m
            [0m姝¤繋鍥炰
締[0m
          [36m</h1>
[31m
          [36m<p>[3
1m
            [0m璜嬬櫥鍏ヤ
互绻肩簩[0m
          [36m</p>[
31m
        [36m</div>[
31m
        [36m<form[3
1m
          [33mclass
[31m=[32m"login-form
"[31m
        [36m>[31m
          [36m<div[
31m
            [33mclas
s[31m=[32m"form-gro
up"[31m
          [36m>[31m
            [36m<lab
el[31m
              [33mfo
r[31m=[32m"email"[
31m
            [36m>[3
1m
              [0m闆诲瓙
閮典欢[0m
            [36m</la
bel>[31m
            [36m<inp
ut[31m
              [33mau
tocomplete[31m=[32m
"email"[31m
              [33mcl
ass[31m=[32m""[31m
              [33mid
[31m=[32m"email"[3
1m
              [33mpl
aceholder[31m=[32m"
you@example.com"[31m
              [33mty
pe[31m=[32m"text"[
31m
              [33mva
lue[31m=[32m""[31m
            [36m/>[
31m
          [36m</div>
[31m
          [36m<div[
31m
            [33mclas
s[31m=[32m"form-gro
up"[31m
          [36m>[31m
            [36m<lab
el[31m
              [33mfo
r[31m=[32m"password
"[31m
            [36m>[3
1m
              [0m瀵嗙⒓
[0m
            [36m</la
bel>[31m
            [36m<div
[31m
              [33mcl
ass[31m=[32m"passwo
rd-input-wrapper"[31
m
              [33mst
yle[31m=[32m"positi
on: relative;"[31m
            [36m>[3
1m
              [36m<i
nput[31m
                [33m
autocomplete[31m=[3
2m"current-password"
[31m
                [33m
class[31m=[32m""[3
1m
                [33m
id[31m=[32m"passwor
d"[31m
                [33m
placeholder[31m=[32
m"鑷冲皯 8 鍊嬪瓧鍏冿紝闇€鍖呭惈鑻辨
暩"[31m
                [33m
style[31m=[32m"padd
ing-right: 40px;"[31
m
                [33m
type[31m=[32m"passw
ord"[31m
                [33m
value[31m=[32m""[3
1m
              [36m/>
[31m
              [36m<b
utton[31m
                [33m
aria-label[31m=[32m
"椤ず瀵嗙⒓"[31m
                [33m
style[31m=[32m"posi
tion: absolute; right
: 10px; top: 50%; tra
nsform: translateY(-5
0%); background: none
; border: medium; cur
sor: pointer; font-si
ze: 1.2em;"[31m
                [33m
type[31m=[32m"butto
n"[31m
              [36m>
[31m
                [0m馃
檲[0m
              [36m</
button>[31m
            [36m</di
v>[31m
          [36m</div>
[31m
          [36m<butto
n[31m
            [33mclas
s[31m=[32m"login-bu
tton"[31m
            [33mtype
[31m=[32m"submit"[
31m
          [36m>[31m
            [0m鐧诲叆[
0m
          [36m</butt
on>[31m
        [36m</form>
[31m
        [36m<div[31
m
          [33mclass
[31m=[32m"login-foot
er"[31m
        [36m>[31m
          [36m<p>[3
1m
            [0m娓│甯宠
櫉锛氫换鎰?email 鏍煎紡 / 瀵嗙⒓
闇€鍖呭惈鑻辨暩涓?浣嶄互涓?[0m
          [36m</p>[
31m
        [36m</div>[
31m
      [36m</div>[31
m
    [36m</div>[31m
  [36m</div>[31m
[36m</body>[31m[39
m
[90m [2m鉂?[22m Obje
ct.getElementError no
de_modules/@testing-l
ibrary/dom/dist/confi
g.js:[2m37:19[22m[
39m
[90m [2m鉂?[22m getE
lementError node_modu
les/@testing-library/
dom/dist/query-helper
s.js:[2m20:35[22m[
39m
[90m [2m鉂?[22m getM
ultipleElementsFoundE
rror node_modules/@te
sting-library/dom/dis
t/query-helpers.js:[
2m23:10[22m[39m
[90m [2m鉂?[22m node
_modules/@testing-lib
rary/dom/dist/query-h
elpers.js:[2m55:13[
22m[39m
[90m [2m鉂?[22m node
_modules/@testing-lib
rary/dom/dist/query-h
elpers.js:[2m95:19[
22m[39m
[36m [2m鉂?[22m src/
pages/__tests__/Login
Page.test.tsx:[2m67:
38[22m[39m
    [90m 65| [39m  
      [34mrenderComp
onent[39m()[33m;[3
9m
    [90m 66| [39m  
      [35mconst[39m
 user [33m=[39m use
rEvent[33m.[39m[34
msetup[39m()[33m;[
39m
    [90m 67| [39m  
      [35mconst[39m
 passwordInput [33m=
[39m screen[33m.[3
9m[34mgetByLabelText
[39m([36m/瀵嗙⒓/i[39
m)[33m;[39m
    [90m   | [39m  
                     
              [31m^
[39m
    [90m 68| [39m  
      const toggleBtn
 = screen.getByRole('
button', { name: /椤ず
瀵嗙⒓/i }鈥?    [90m 69
| [39m

[31m[2m鈳幆鈳幆鈳幆鈳幆
鈳幆鈳幆鈳幆鈳幆鈳幆鈳幆鈳幆
鈳幆[2/6]鈳?[22m[39m

[41m[1m FAIL [22m
[49m src/pages/__test
s__/LoginPage.test.ts
x[2m:92:5[22m[2m >
 [22mLoginPage[2m >
 [22m__function 閭忚集_
_椹楄瓑瀵嗙⒓寮峰害涓嶈冻
[31m[1mTestingLibra
ryElementError[22m: 
Found multiple elemen
ts with the text of: 
/瀵嗙⒓/i

Here are the matching
 elements:

Ignored nodes: commen
ts, script, style
[36m<input[31m
  [33mautocomplete[
31m=[32m"current-pas
sword"[31m
  [33mclass[31m=[3
2m""[31m
  [33mid[31m=[32m"
password"[31m
  [33mplaceholder[3
1m=[32m"鑷冲皯 8 鍊嬪瓧鍏冿紝
闇€鍖呭惈鑻辨暩"[31m
  [33mstyle[31m=[3
2m"padding-right: 40p
x;"[31m
  [33mtype[31m=[32
m"password"[31m
  [33mvalue[31m=[3
2m""[31m
[36m/>[31m

Ignored nodes: commen
ts, script, style
[36m<button[31m
  [33maria-label[31
m=[32m"椤ず瀵嗙⒓"[31m
  [33mstyle[31m=[3
2m"position: absolute
; right: 10px; top: 5
0%; transform: transl
ateY(-50%); backgroun
d: none; border: medi
um; cursor: pointer; 
font-size: 1.2em;"[3
1m
  [33mtype[31m=[32
m"button"[31m
[36m>[31m
  [0m馃檲[0m
[36m</button>[31m

(If this is intention
al, then use the `*Al
lBy*` variant of the 
query (like `queryAll
ByText`, `getAllByTex
t`, or `findAllByText
`)).

Ignored nodes: commen
ts, script, style
[36m<body>[31m
  [36m<div>[31m
    [36m<div[31m
      [33mclass[31m
=[32m"login-page"[3
1m
    [36m>[31m
      [36m<div[31m
        [33mclass[3
1m=[32m"login-contai
ner"[31m
      [36m>[31m
        [36m<div[31
m
          [33mclass
[31m=[32m"login-head
er"[31m
        [36m>[31m
          [36m<div[
31m
            [33mclas
s[31m=[32m"login-ic
on"[31m
          [36m>[31m
            [0m馃攼[0
m
          [36m</div>
[31m
          [36m<h1>[
31m
            [0m姝¤繋鍥炰
締[0m
          [36m</h1>
[31m
          [36m<p>[3
1m
            [0m璜嬬櫥鍏ヤ
互绻肩簩[0m
          [36m</p>[
31m
        [36m</div>[
31m
        [36m<form[3
1m
          [33mclass
[31m=[32m"login-form
"[31m
        [36m>[31m
          [36m<div[
31m
            [33mclas
s[31m=[32m"form-gro
up"[31m
          [36m>[31m
            [36m<lab
el[31m
              [33mfo
r[31m=[32m"email"[
31m
            [36m>[3
1m
              [0m闆诲瓙
閮典欢[0m
            [36m</la
bel>[31m
            [36m<inp
ut[31m
              [33mau
tocomplete[31m=[32m
"email"[31m
              [33mcl
ass[31m=[32m""[31m
              [33mid
[31m=[32m"email"[3
1m
              [33mpl
aceholder[31m=[32m"
you@example.com"[31m
              [33mty
pe[31m=[32m"text"[
31m
              [33mva
lue[31m=[32m""[31m
            [36m/>[
31m
          [36m</div>
[31m
          [36m<div[
31m
            [33mclas
s[31m=[32m"form-gro
up"[31m
          [36m>[31m
            [36m<lab
el[31m
              [33mfo
r[31m=[32m"password
"[31m
            [36m>[3
1m
              [0m瀵嗙⒓
[0m
            [36m</la
bel>[31m
            [36m<div
[31m
              [33mcl
ass[31m=[32m"passwo
rd-input-wrapper"[31
m
              [33mst
yle[31m=[32m"positi
on: relative;"[31m
            [36m>[3
1m
              [36m<i
nput[31m
                [33m
autocomplete[31m=[3
2m"current-password"
[31m
                [33m
class[31m=[32m""[3
1m
                [33m
id[31m=[32m"passwor
d"[31m
                [33m
placeholder[31m=[32
m"鑷冲皯 8 鍊嬪瓧鍏冿紝闇€鍖呭惈鑻辨
暩"[31m
                [33m
style[31m=[32m"padd
ing-right: 40px;"[31
m
                [33m
type[31m=[32m"passw
ord"[31m
                [33m
value[31m=[32m""[3
1m
              [36m/>
[31m
              [36m<b
utton[31m
                [33m
aria-label[31m=[32m
"椤ず瀵嗙⒓"[31m
                [33m
style[31m=[32m"posi
tion: absolute; right
: 10px; top: 50%; tra
nsform: translateY(-5
0%); background: none
; border: medium; cur
sor: pointer; font-si
ze: 1.2em;"[31m
                [33m
type[31m=[32m"butto
n"[31m
              [36m>
[31m
                [0m馃
檲[0m
              [36m</
button>[31m
            [36m</di
v>[31m
          [36m</div>
[31m
          [36m<butto
n[31m
            [33mclas
s[31m=[32m"login-bu
tton"[31m
            [33mtype
[31m=[32m"submit"[
31m
          [36m>[31m
            [0m鐧诲叆[
0m
          [36m</butt
on>[31m
        [36m</form>
[31m
        [36m<div[31
m
          [33mclass
[31m=[32m"login-foot
er"[31m
        [36m>[31m
          [36m<p>[3
1m
            [0m娓│甯宠
櫉锛氫换鎰?email 鏍煎紡 / 瀵嗙⒓
闇€鍖呭惈鑻辨暩涓?浣嶄互涓?[0m
          [36m</p>[
31m
        [36m</div>[
31m
      [36m</div>[31
m
    [36m</div>[31m
  [36m</div>[31m
[36m</body>[31m[39
m
[90m [2m鉂?[22m Obje
ct.getElementError no
de_modules/@testing-l
ibrary/dom/dist/confi
g.js:[2m37:19[22m[
39m
[90m [2m鉂?[22m getE
lementError node_modu
les/@testing-library/
dom/dist/query-helper
s.js:[2m20:35[22m[
39m
[90m [2m鉂?[22m getM
ultipleElementsFoundE
rror node_modules/@te
sting-library/dom/dis
t/query-helpers.js:[
2m23:10[22m[39m
[90m [2m鉂?[22m node
_modules/@testing-lib
rary/dom/dist/query-h
elpers.js:[2m55:13[
22m[39m
[90m [2m鉂?[22m node
_modules/@testing-lib
rary/dom/dist/query-h
elpers.js:[2m95:19[
22m[39m
[36m [2m鉂?[22m src/
pages/__tests__/Login
Page.test.tsx:[2m96:
38[22m[39m
    [90m 94| [39m  
      [35mconst[39m
 user [33m=[39m use
rEvent[33m.[39m[34
msetup[39m()[33m;[
39m
    [90m 95| [39m  
      [35mconst[39m
 emailInput [33m=[3
9m screen[33m.[39m
[34mgetByLabelText[3
9m([36m/闆诲瓙閮典欢/i[39
m)[33m;[39m
    [90m 96| [39m  
      [35mconst[39m
 passwordInput [33m=
[39m screen[33m.[3
9m[34mgetByLabelText
[39m([36m/瀵嗙⒓/i[39
m)[33m;[39m
    [90m   | [39m  
                     
              [31m^
[39m
    [90m 97| [39m  
      [35mconst[39m
 loginBtn [33m=[39m
 screen[33m.[39m[3
4mgetByRole[39m([32
m'button'[39m[33m,
[39m { name[33m:[39
m [36m/鐧诲叆/i[39m })
[33m;[39m
    [90m 98| [39m

[31m[2m鈳幆鈳幆鈳幆鈳幆
鈳幆鈳幆鈳幆鈳幆鈳幆鈳幆鈳幆
鈳幆[3/6]鈳?[22m[39m

[41m[1m FAIL [22m
[49m src/pages/__test
s__/LoginPage.test.ts
x[2m:112:5[22m[2m 
> [22mLoginPage[2m 
> [22m__Mock API__鐧诲
叆鎴愬姛灏庤綁
[31m[1mTestingLibra
ryElementError[22m: 
Found multiple elemen
ts with the text of: 
/瀵嗙⒓/i

Here are the matching
 elements:

Ignored nodes: commen
ts, script, style
[36m<input[31m
  [33mautocomplete[
31m=[32m"current-pas
sword"[31m
  [33mclass[31m=[3
2m""[31m
  [33mid[31m=[32m"
password"[31m
  [33mplaceholder[3
1m=[32m"鑷冲皯 8 鍊嬪瓧鍏冿紝
闇€鍖呭惈鑻辨暩"[31m
  [33mstyle[31m=[3
2m"padding-right: 40p
x;"[31m
  [33mtype[31m=[32
m"password"[31m
  [33mvalue[31m=[3
2m""[31m
[36m/>[31m

Ignored nodes: commen
ts, script, style
[36m<button[31m
  [33maria-label[31
m=[32m"椤ず瀵嗙⒓"[31m
  [33mstyle[31m=[3
2m"position: absolute
; right: 10px; top: 5
0%; transform: transl
ateY(-50%); backgroun
d: none; border: medi
um; cursor: pointer; 
font-size: 1.2em;"[3
1m
  [33mtype[31m=[32
m"button"[31m
[36m>[31m
  [0m馃檲[0m
[36m</button>[31m

(If this is intention
al, then use the `*Al
lBy*` variant of the 
query (like `queryAll
ByText`, `getAllByTex
t`, or `findAllByText
`)).

Ignored nodes: commen
ts, script, style
[36m<body>[31m
  [36m<div>[31m
    [36m<div[31m
      [33mclass[31m
=[32m"login-page"[3
1m
    [36m>[31m
      [36m<div[31m
        [33mclass[3
1m=[32m"login-contai
ner"[31m
      [36m>[31m
        [36m<div[31
m
          [33mclass
[31m=[32m"login-head
er"[31m
        [36m>[31m
          [36m<div[
31m
            [33mclas
s[31m=[32m"login-ic
on"[31m
          [36m>[31m
            [0m馃攼[0
m
          [36m</div>
[31m
          [36m<h1>[
31m
            [0m姝¤繋鍥炰
締[0m
          [36m</h1>
[31m
          [36m<p>[3
1m
            [0m璜嬬櫥鍏ヤ
互绻肩簩[0m
          [36m</p>[
31m
        [36m</div>[
31m
        [36m<form[3
1m
          [33mclass
[31m=[32m"login-form
"[31m
        [36m>[31m
          [36m<div[
31m
            [33mclas
s[31m=[32m"form-gro
up"[31m
          [36m>[31m
            [36m<lab
el[31m
              [33mfo
r[31m=[32m"email"[
31m
            [36m>[3
1m
              [0m闆诲瓙
閮典欢[0m
            [36m</la
bel>[31m
            [36m<inp
ut[31m
              [33mau
tocomplete[31m=[32m
"email"[31m
              [33mcl
ass[31m=[32m""[31m
              [33mid
[31m=[32m"email"[3
1m
              [33mpl
aceholder[31m=[32m"
you@example.com"[31m
              [33mty
pe[31m=[32m"text"[
31m
              [33mva
lue[31m=[32m""[31m
            [36m/>[
31m
          [36m</div>
[31m
          [36m<div[
31m
            [33mclas
s[31m=[32m"form-gro
up"[31m
          [36m>[31m
            [36m<lab
el[31m
              [33mfo
r[31m=[32m"password
"[31m
            [36m>[3
1m
              [0m瀵嗙⒓
[0m
            [36m</la
bel>[31m
            [36m<div
[31m
              [33mcl
ass[31m=[32m"passwo
rd-input-wrapper"[31
m
              [33mst
yle[31m=[32m"positi
on: relative;"[31m
            [36m>[3
1m
              [36m<i
nput[31m
                [33m
autocomplete[31m=[3
2m"current-password"
[31m
                [33m
class[31m=[32m""[3
1m
                [33m
id[31m=[32m"passwor
d"[31m
                [33m
placeholder[31m=[32
m"鑷冲皯 8 鍊嬪瓧鍏冿紝闇€鍖呭惈鑻辨
暩"[31m
                [33m
style[31m=[32m"padd
ing-right: 40px;"[31
m
                [33m
type[31m=[32m"passw
ord"[31m
                [33m
value[31m=[32m""[3
1m
              [36m/>
[31m
              [36m<b
utton[31m
                [33m
aria-label[31m=[32m
"椤ず瀵嗙⒓"[31m
                [33m
style[31m=[32m"posi
tion: absolute; right
: 10px; top: 50%; tra
nsform: translateY(-5
0%); background: none
; border: medium; cur
sor: pointer; font-si
ze: 1.2em;"[31m
                [33m
type[31m=[32m"butto
n"[31m
              [36m>
[31m
                [0m馃
檲[0m
              [36m</
button>[31m
            [36m</di
v>[31m
          [36m</div>
[31m
          [36m<butto
n[31m
            [33mclas
s[31m=[32m"login-bu
tton"[31m
            [33mtype
[31m=[32m"submit"[
31m
          [36m>[31m
            [0m鐧诲叆[
0m
          [36m</butt
on>[31m
        [36m</form>
[31m
        [36m<div[31
m
          [33mclass
[31m=[32m"login-foot
er"[31m
        [36m>[31m
          [36m<p>[3
1m
            [0m娓│甯宠
櫉锛氫换鎰?email 鏍煎紡 / 瀵嗙⒓
闇€鍖呭惈鑻辨暩涓?浣嶄互涓?[0m
          [36m</p>[
31m
        [36m</div>[
31m
      [36m</div>[31
m
    [36m</div>[31m
  [36m</div>[31m
[36m</body>[31m[39
m
[90m [2m鉂?[22m Obje
ct.getElementError no
de_modules/@testing-l
ibrary/dom/dist/confi
g.js:[2m37:19[22m[
39m
[90m [2m鉂?[22m getE
lementError node_modu
les/@testing-library/
dom/dist/query-helper
s.js:[2m20:35[22m[
39m
[90m [2m鉂?[22m getM
ultipleElementsFoundE
rror node_modules/@te
sting-library/dom/dis
t/query-helpers.js:[
2m23:10[22m[39m
[90m [2m鉂?[22m node
_modules/@testing-lib
rary/dom/dist/query-h
elpers.js:[2m55:13[
22m[39m
[90m [2m鉂?[22m node
_modules/@testing-lib
rary/dom/dist/query-h
elpers.js:[2m95:19[
22m[39m
[36m [2m鉂?[22m src/
pages/__tests__/Login
Page.test.tsx:[2m121
:38[22m[39m
    [90m119| [39m
    [90m120| [39m  
      [35mconst[39m
 emailInput [33m=[3
9m screen[33m.[39m
[34mgetByLabelText[3
9m([36m/闆诲瓙閮典欢/i[39
m)[33m;[39m
    [90m121| [39m  
      [35mconst[39m
 passwordInput [33m=
[39m screen[33m.[3
9m[34mgetByLabelText
[39m([36m/瀵嗙⒓/i[39
m)[33m;[39m
    [90m   | [39m  
                     
              [31m^
[39m
    [90m122| [39m  
      [35mconst[39m
 loginBtn [33m=[39m
 screen[33m.[39m[3
4mgetByRole[39m([32
m'button'[39m[33m,
[39m { name[33m:[39
m [36m/鐧诲叆/i[39m })
[33m;[39m
    [90m123| [39m

[31m[2m鈳幆鈳幆鈳幆鈳幆
鈳幆鈳幆鈳幆鈳幆鈳幆鈳幆鈳幆
鈳幆[4/6]鈳?[22m[39m

[41m[1m FAIL [22m
[49m src/pages/__test
s__/LoginPage.test.ts
x[2m:149:5[22m[2m 
> [22mLoginPage[2m 
> [22m__Mock API__鐧诲
叆澶辨晽椤ず閷
[31m[1mTestingLibra
ryElementError[22m: 
Found multiple elemen
ts with the text of: 
/瀵嗙⒓/i

Here are the matching
 elements:

Ignored nodes: commen
ts, script, style
[36m<input[31m
  [33mautocomplete[
31m=[32m"current-pas
sword"[31m
  [33mclass[31m=[3
2m""[31m
  [33mid[31m=[32m"
password"[31m
  [33mplaceholder[3
1m=[32m"鑷冲皯 8 鍊嬪瓧鍏冿紝
闇€鍖呭惈鑻辨暩"[31m
  [33mstyle[31m=[3
2m"padding-right: 40p
x;"[31m
  [33mtype[31m=[32
m"password"[31m
  [33mvalue[31m=[3
2m""[31m
[36m/>[31m

Ignored nodes: commen
ts, script, style
[36m<button[31m
  [33maria-label[31
m=[32m"椤ず瀵嗙⒓"[31m
  [33mstyle[31m=[3
2m"position: absolute
; right: 10px; top: 5
0%; transform: transl
ateY(-50%); backgroun
d: none; border: medi
um; cursor: pointer; 
font-size: 1.2em;"[3
1m
  [33mtype[31m=[32
m"button"[31m
[36m>[31m
  [0m馃檲[0m
[36m</button>[31m

(If this is intention
al, then use the `*Al
lBy*` variant of the 
query (like `queryAll
ByText`, `getAllByTex
t`, or `findAllByText
`)).

Ignored nodes: commen
ts, script, style
[36m<body>[31m
  [36m<div>[31m
    [36m<div[31m
      [33mclass[31m
=[32m"login-page"[3
1m
    [36m>[31m
      [36m<div[31m
        [33mclass[3
1m=[32m"login-contai
ner"[31m
      [36m>[31m
        [36m<div[31
m
          [33mclass
[31m=[32m"login-head
er"[31m
        [36m>[31m
          [36m<div[
31m
            [33mclas
s[31m=[32m"login-ic
on"[31m
          [36m>[31m
            [0m馃攼[0
m
          [36m</div>
[31m
          [36m<h1>[
31m
            [0m姝¤繋鍥炰
締[0m
          [36m</h1>
[31m
          [36m<p>[3
1m
            [0m璜嬬櫥鍏ヤ
互绻肩簩[0m
          [36m</p>[
31m
        [36m</div>[
31m
        [36m<form[3
1m
          [33mclass
[31m=[32m"login-form
"[31m
        [36m>[31m
          [36m<div[
31m
            [33mclas
s[31m=[32m"form-gro
up"[31m
          [36m>[31m
            [36m<lab
el[31m
              [33mfo
r[31m=[32m"email"[
31m
            [36m>[3
1m
              [0m闆诲瓙
閮典欢[0m
            [36m</la
bel>[31m
            [36m<inp
ut[31m
              [33mau
tocomplete[31m=[32m
"email"[31m
              [33mcl
ass[31m=[32m""[31m
              [33mid
[31m=[32m"email"[3
1m
              [33mpl
aceholder[31m=[32m"
you@example.com"[31m
              [33mty
pe[31m=[32m"text"[
31m
              [33mva
lue[31m=[32m""[31m
            [36m/>[
31m
          [36m</div>
[31m
          [36m<div[
31m
            [33mclas
s[31m=[32m"form-gro
up"[31m
          [36m>[31m
            [36m<lab
el[31m
              [33mfo
r[31m=[32m"password
"[31m
            [36m>[3
1m
              [0m瀵嗙⒓
[0m
            [36m</la
bel>[31m
            [36m<div
[31m
              [33mcl
ass[31m=[32m"passwo
rd-input-wrapper"[31
m
              [33mst
yle[31m=[32m"positi
on: relative;"[31m
            [36m>[3
1m
              [36m<i
nput[31m
                [33m
autocomplete[31m=[3
2m"current-password"
[31m
                [33m
class[31m=[32m""[3
1m
                [33m
id[31m=[32m"passwor
d"[31m
                [33m
placeholder[31m=[32
m"鑷冲皯 8 鍊嬪瓧鍏冿紝闇€鍖呭惈鑻辨
暩"[31m
                [33m
style[31m=[32m"padd
ing-right: 40px;"[31
m
                [33m
type[31m=[32m"passw
ord"[31m
                [33m
value[31m=[32m""[3
1m
              [36m/>
[31m
              [36m<b
utton[31m
                [33m
aria-label[31m=[32m
"椤ず瀵嗙⒓"[31m
                [33m
style[31m=[32m"posi
tion: absolute; right
: 10px; top: 50%; tra
nsform: translateY(-5
0%); background: none
; border: medium; cur
sor: pointer; font-si
ze: 1.2em;"[31m
                [33m
type[31m=[32m"butto
n"[31m
              [36m>
[31m
                [0m馃
檲[0m
              [36m</
button>[31m
            [36m</di
v>[31m
          [36m</div>
[31m
          [36m<butto
n[31m
            [33mclas
s[31m=[32m"login-bu
tton"[31m
            [33mtype
[31m=[32m"submit"[
31m
          [36m>[31m
            [0m鐧诲叆[
0m
          [36m</butt
on>[31m
        [36m</form>
[31m
        [36m<div[31
m
          [33mclass
[31m=[32m"login-foot
er"[31m
        [36m>[31m
          [36m<p>[3
1m
            [0m娓│甯宠
櫉锛氫换鎰?email 鏍煎紡 / 瀵嗙⒓
闇€鍖呭惈鑻辨暩涓?浣嶄互涓?[0m
          [36m</p>[
31m
        [36m</div>[
31m
      [36m</div>[31
m
    [36m</div>[31m
  [36m</div>[31m
[36m</body>[31m[39
m
[90m [2m鉂?[22m Obje
ct.getElementError no
de_modules/@testing-l
ibrary/dom/dist/confi
g.js:[2m37:19[22m[
39m
[90m [2m鉂?[22m getE
lementError node_modu
les/@testing-library/
dom/dist/query-helper
s.js:[2m20:35[22m[
39m
[90m [2m鉂?[22m getM
ultipleElementsFoundE
rror node_modules/@te
sting-library/dom/dis
t/query-helpers.js:[
2m23:10[22m[39m
[90m [2m鉂?[22m node
_modules/@testing-lib
rary/dom/dist/query-h
elpers.js:[2m55:13[
22m[39m
[90m [2m鉂?[22m node
_modules/@testing-lib
rary/dom/dist/query-h
elpers.js:[2m95:19[
22m[39m
[36m [2m鉂?[22m src/
pages/__tests__/Login
Page.test.tsx:[2m153
:38[22m[39m
    [90m151| [39m  
      [35mconst[39m
 user [33m=[39m use
rEvent[33m.[39m[34
msetup[39m()[33m;[
39m
    [90m152| [39m  
      [35mconst[39m
 emailInput [33m=[3
9m screen[33m.[39m
[34mgetByLabelText[3
9m([36m/闆诲瓙閮典欢/i[39
m)[33m;[39m
    [90m153| [39m  
      [35mconst[39m
 passwordInput [33m=
[39m screen[33m.[3
9m[34mgetByLabelText
[39m([36m/瀵嗙⒓/i[39
m)[33m;[39m
    [90m   | [39m  
                     
              [31m^
[39m
    [90m154| [39m  
      [35mconst[39m
 loginBtn [33m=[39m
 screen[33m.[39m[3
4mgetByRole[39m([32
m'button'[39m[33m,
[39m { name[33m:[39
m [36m/鐧诲叆/i[39m })
[33m;[39m
    [90m155| [39m

[31m[2m鈳幆鈳幆鈳幆鈳幆
鈳幆鈳幆鈳幆鈳幆鈳幆鈳幆鈳幆
鈳幆[5/6]鈳?[22m[39m

[41m[1m FAIL [22m
[49m src/pages/__test
s__/LoginPage.test.ts
x[2m:168:5[22m[2m 
> [22mLoginPage[2m 
> [22m__鍓嶇浜掑嫊__鐧诲叆涓
媭鎱嬮帠瀹?[31m[1mTesti
ngLibraryElementError
[22m: Found multiple
 elements with the te
xt of: /瀵嗙⒓/i

Here are the matching
 elements:

Ignored nodes: commen
ts, script, style
[36m<input[31m
  [33mautocomplete[
31m=[32m"current-pas
sword"[31m
  [33mclass[31m=[3
2m""[31m
  [33mid[31m=[32m"
password"[31m
  [33mplaceholder[3
1m=[32m"鑷冲皯 8 鍊嬪瓧鍏冿紝
闇€鍖呭惈鑻辨暩"[31m
  [33mstyle[31m=[3
2m"padding-right: 40p
x;"[31m
  [33mtype[31m=[32
m"password"[31m
  [33mvalue[31m=[3
2m""[31m
[36m/>[31m

Ignored nodes: commen
ts, script, style
[36m<button[31m
  [33maria-label[31
m=[32m"椤ず瀵嗙⒓"[31m
  [33mstyle[31m=[3
2m"position: absolute
; right: 10px; top: 5
0%; transform: transl
ateY(-50%); backgroun
d: none; border: medi
um; cursor: pointer; 
font-size: 1.2em;"[3
1m
  [33mtype[31m=[32
m"button"[31m
[36m>[31m
  [0m馃檲[0m
[36m</button>[31m

(If this is intention
al, then use the `*Al
lBy*` variant of the 
query (like `queryAll
ByText`, `getAllByTex
t`, or `findAllByText
`)).

Ignored nodes: commen
ts, script, style
[36m<body>[31m
  [36m<div>[31m
    [36m<div[31m
      [33mclass[31m
=[32m"login-page"[3
1m
    [36m>[31m
      [36m<div[31m
        [33mclass[3
1m=[32m"login-contai
ner"[31m
      [36m>[31m
        [36m<div[31
m
          [33mclass
[31m=[32m"login-head
er"[31m
        [36m>[31m
          [36m<div[
31m
            [33mclas
s[31m=[32m"login-ic
on"[31m
          [36m>[31m
            [0m馃攼[0
m
          [36m</div>
[31m
          [36m<h1>[
31m

[2m Test Files [22m [1m[31m1 failed[39m[22m[90m (1)[39m
[2m      Tests [22m [1m[31m6 failed[39m[22m[2m | [22m[1m[32m2 passed[39m[22m[90m (8)[39m
[2m   Start at [22m 12:21:23
[2m   Duration [22m 2.54s[2m (transform 152ms, setup 448ms, import 430ms, tests 403ms, environment 1.01s)[22m

            [0m姝¤繋鍥炰
締[0m
          [36m</h1>
[31m
          [36m<p>[3
1m
            [0m璜嬬櫥鍏ヤ
互绻肩簩[0m
          [36m</p>[
31m
        [36m</div>[
31m
        [36m<form[3
1m
          [33mclass
[31m=[32m"login-form
"[31m
        [36m>[31m
          [36m<div[
31m
            [33mclas
s[31m=[32m"form-gro
up"[31m
          [36m>[31m
            [36m<lab
el[31m
              [33mfo
r[31m=[32m"email"[
31m
            [36m>[3
1m
              [0m闆诲瓙
閮典欢[0m
            [36m</la
bel>[31m
            [36m<inp
ut[31m
              [33mau
tocomplete[31m=[32m
"email"[31m
              [33mcl
ass[31m=[32m""[31m
              [33mid
[31m=[32m"email"[3
1m
              [33mpl
aceholder[31m=[32m"
you@example.com"[31m
              [33mty
pe[31m=[32m"text"[
31m
              [33mva
lue[31m=[32m""[31m
            [36m/>[
31m
          [36m</div>
[31m
          [36m<div[
31m
            [33mclas
s[31m=[32m"form-gro
up"[31m
          [36m>[31m
            [36m<lab
el[31m
              [33mfo
r[31m=[32m"password
"[31m
            [36m>[3
1m
              [0m瀵嗙⒓
[0m
            [36m</la
bel>[31m
            [36m<div
[31m
              [33mcl
ass[31m=[32m"passwo
rd-input-wrapper"[31
m
              [33mst
yle[31m=[32m"positi
on: relative;"[31m
            [36m>[3
1m
              [36m<i
nput[31m
                [33m
autocomplete[31m=[3
2m"current-password"
[31m
                [33m
class[31m=[32m""[3
1m
                [33m
id[31m=[32m"passwor
d"[31m
                [33m
placeholder[31m=[32
m"鑷冲皯 8 鍊嬪瓧鍏冿紝闇€鍖呭惈鑻辨
暩"[31m
                [33m
style[31m=[32m"padd
ing-right: 40px;"[31
m
                [33m
type[31m=[32m"passw
ord"[31m
                [33m
value[31m=[32m""[3
1m
              [36m/>
[31m
              [36m<b
utton[31m
                [33m
aria-label[31m=[32m
"椤ず瀵嗙⒓"[31m
                [33m
style[31m=[32m"posi
tion: absolute; right
: 10px; top: 50%; tra
nsform: translateY(-5
0%); background: none
; border: medium; cur
sor: pointer; font-si
ze: 1.2em;"[31m
                [33m
type[31m=[32m"butto
n"[31m
              [36m>
[31m
                [0m馃
檲[0m
              [36m</
button>[31m
            [36m</di
v>[31m
          [36m</div>
[31m
          [36m<butto
n[31m
            [33mclas
s[31m=[32m"login-bu
tton"[31m
            [33mtype
[31m=[32m"submit"[
31m
          [36m>[31m
            [0m鐧诲叆[
0m
          [36m</butt
on>[31m
        [36m</form>
[31m
        [36m<div[31
m
          [33mclass
[31m=[32m"login-foot
er"[31m
        [36m>[31m
          [36m<p>[3
1m
            [0m娓│甯宠
櫉锛氫换鎰?email 鏍煎紡 / 瀵嗙⒓
闇€鍖呭惈鑻辨暩涓?浣嶄互涓?[0m
          [36m</p>[
31m
        [36m</div>[
31m
      [36m</div>[31
m
    [36m</div>[31m
  [36m</div>[31m
[36m</body>[31m[39
m
[90m [2m鉂?[22m Obje
ct.getElementError no
de_modules/@testing-l
ibrary/dom/dist/confi
g.js:[2m37:19[22m[
39m
[90m [2m鉂?[22m getE
lementError node_modu
les/@testing-library/
dom/dist/query-helper
s.js:[2m20:35[22m[
39m
[90m [2m鉂?[22m getM
ultipleElementsFoundE
rror node_modules/@te
sting-library/dom/dis
t/query-helpers.js:[
2m23:10[22m[39m
[90m [2m鉂?[22m node
_modules/@testing-lib
rary/dom/dist/query-h
elpers.js:[2m55:13[
22m[39m
[90m [2m鉂?[22m node
_modules/@testing-lib
rary/dom/dist/query-h
elpers.js:[2m95:19[
22m[39m
[36m [2m鉂?[22m src/
pages/__tests__/Login
Page.test.tsx:[2m172
:38[22m[39m
    [90m170| [39m  
      [35mconst[39m
 user [33m=[39m use
rEvent[33m.[39m[34
msetup[39m()[33m;[
39m
    [90m171| [39m  
      [35mconst[39m
 emailInput [33m=[3
9m screen[33m.[39m
[34mgetByLabelText[3
9m([36m/闆诲瓙閮典欢/i[39
m)[33m;[39m
    [90m172| [39m  
      [35mconst[39m
 passwordInput [33m=
[39m screen[33m.[3
9m[34mgetByLabelText
[39m([36m/瀵嗙⒓/i[39
m)[33m;[39m
    [90m   | [39m  
                     
              [31m^
[39m
    [90m173| [39m  
      [35mconst[39m
 loginBtn [33m=[39m
 screen[33m.[39m[3
4mgetByRole[39m([32
m'button'[39m[33m,
[39m { name[33m:[39
m [36m/鐧诲叆/i[39m })
[33m;[39m
    [90m174| [39m

[31m[2m鈳幆鈳幆鈳幆鈳幆
鈳幆鈳幆鈳幆鈳幆鈳幆鈳幆鈳幆
鈳幆[6/6]鈳?[22m[39m

[1m[7m[35m HTML [39m[27m[22m [35mReport is generated[39m
[2m       You can run [22m[1mnpx vite preview --outDir html-report[22m[2m to see the test results.[22m
